Archive member included to satisfy reference by file (symbol)

C:/Embedded-stuff/STM32CubeIDE_2.0.0/STM32CubeIDE/plugins/com.st.stm32cube.ide.mcu.externaltools.gnu-tools-for-stm32.13.3.rel1.win32_1.0.100.202509120712/tools/bin/../lib/gcc/arm-none-eabi/13.3.1/../../../../arm-none-eabi/lib/thumb/v7-m/nofp\libc_nano.a(libc_a-exit.o)
                              C:/Embedded-stuff/STM32CubeIDE_2.0.0/STM32CubeIDE/plugins/com.st.stm32cube.ide.mcu.externaltools.gnu-tools-for-stm32.13.3.rel1.win32_1.0.100.202509120712/tools/bin/../lib/gcc/arm-none-eabi/13.3.1/../../../../arm-none-eabi/lib/thumb/v7-m/nofp/crt0.o (exit)
C:/Embedded-stuff/STM32CubeIDE_2.0.0/STM32CubeIDE/plugins/com.st.stm32cube.ide.mcu.externaltools.gnu-tools-for-stm32.13.3.rel1.win32_1.0.100.202509120712/tools/bin/../lib/gcc/arm-none-eabi/13.3.1/../../../../arm-none-eabi/lib/thumb/v7-m/nofp\libc_nano.a(libc_a-findfp.o)
                              C:/Embedded-stuff/STM32CubeIDE_2.0.0/STM32CubeIDE/plugins/com.st.stm32cube.ide.mcu.externaltools.gnu-tools-for-stm32.13.3.rel1.win32_1.0.100.202509120712/tools/bin/../lib/gcc/arm-none-eabi/13.3.1/../../../../arm-none-eabi/lib/thumb/v7-m/nofp\libc_nano.a(libc_a-exit.o) (__stdio_exit_handler)
C:/Embedded-stuff/STM32CubeIDE_2.0.0/STM32CubeIDE/plugins/com.st.stm32cube.ide.mcu.externaltools.gnu-tools-for-stm32.13.3.rel1.win32_1.0.100.202509120712/tools/bin/../lib/gcc/arm-none-eabi/13.3.1/../../../../arm-none-eabi/lib/thumb/v7-m/nofp\libc_nano.a(libc_a-fwalk.o)
                              C:/Embedded-stuff/STM32CubeIDE_2.0.0/STM32CubeIDE/plugins/com.st.stm32cube.ide.mcu.externaltools.gnu-tools-for-stm32.13.3.rel1.win32_1.0.100.202509120712/tools/bin/../lib/gcc/arm-none-eabi/13.3.1/../../../../arm-none-eabi/lib/thumb/v7-m/nofp\libc_nano.a(libc_a-findfp.o) (_fwalk_sglue)
C:/Embedded-stuff/STM32CubeIDE_2.0.0/STM32CubeIDE/plugins/com.st.stm32cube.ide.mcu.externaltools.gnu-tools-for-stm32.13.3.rel1.win32_1.0.100.202509120712/tools/bin/../lib/gcc/arm-none-eabi/13.3.1/../../../../arm-none-eabi/lib/thumb/v7-m/nofp\libc_nano.a(libc_a-stdio.o)
                              C:/Embedded-stuff/STM32CubeIDE_2.0.0/STM32CubeIDE/plugins/com.st.stm32cube.ide.mcu.externaltools.gnu-tools-for-stm32.13.3.rel1.win32_1.0.100.202509120712/tools/bin/../lib/gcc/arm-none-eabi/13.3.1/../../../../arm-none-eabi/lib/thumb/v7-m/nofp\libc_nano.a(libc_a-findfp.o) (__sread)
C:/Embedded-stuff/STM32CubeIDE_2.0.0/STM32CubeIDE/plugins/com.st.stm32cube.ide.mcu.externaltools.gnu-tools-for-stm32.13.3.rel1.win32_1.0.100.202509120712/tools/bin/../lib/gcc/arm-none-eabi/13.3.1/../../../../arm-none-eabi/lib/thumb/v7-m/nofp\libc_nano.a(libc_a-memset.o)
                              C:/Embedded-stuff/STM32CubeIDE_2.0.0/STM32CubeIDE/plugins/com.st.stm32cube.ide.mcu.externaltools.gnu-tools-for-stm32.13.3.rel1.win32_1.0.100.202509120712/tools/bin/../lib/gcc/arm-none-eabi/13.3.1/../../../../arm-none-eabi/lib/thumb/v7-m/nofp/crt0.o (memset)
C:/Embedded-stuff/STM32CubeIDE_2.0.0/STM32CubeIDE/plugins/com.st.stm32cube.ide.mcu.externaltools.gnu-tools-for-stm32.13.3.rel1.win32_1.0.100.202509120712/tools/bin/../lib/gcc/arm-none-eabi/13.3.1/../../../../arm-none-eabi/lib/thumb/v7-m/nofp\libc_nano.a(libc_a-closer.o)
                              C:/Embedded-stuff/STM32CubeIDE_2.0.0/STM32CubeIDE/plugins/com.st.stm32cube.ide.mcu.externaltools.gnu-tools-for-stm32.13.3.rel1.win32_1.0.100.202509120712/tools/bin/../lib/gcc/arm-none-eabi/13.3.1/../../../../arm-none-eabi/lib/thumb/v7-m/nofp\libc_nano.a(libc_a-stdio.o) (_close_r)
C:/Embedded-stuff/STM32CubeIDE_2.0.0/STM32CubeIDE/plugins/com.st.stm32cube.ide.mcu.externaltools.gnu-tools-for-stm32.13.3.rel1.win32_1.0.100.202509120712/tools/bin/../lib/gcc/arm-none-eabi/13.3.1/../../../../arm-none-eabi/lib/thumb/v7-m/nofp\libc_nano.a(libc_a-reent.o)
                              C:/Embedded-stuff/STM32CubeIDE_2.0.0/STM32CubeIDE/plugins/com.st.stm32cube.ide.mcu.externaltools.gnu-tools-for-stm32.13.3.rel1.win32_1.0.100.202509120712/tools/bin/../lib/gcc/arm-none-eabi/13.3.1/../../../../arm-none-eabi/lib/thumb/v7-m/nofp\libc_nano.a(libc_a-closer.o) (errno)
C:/Embedded-stuff/STM32CubeIDE_2.0.0/STM32CubeIDE/plugins/com.st.stm32cube.ide.mcu.externaltools.gnu-tools-for-stm32.13.3.rel1.win32_1.0.100.202509120712/tools/bin/../lib/gcc/arm-none-eabi/13.3.1/../../../../arm-none-eabi/lib/thumb/v7-m/nofp\libc_nano.a(libc_a-impure.o)
                              C:/Embedded-stuff/STM32CubeIDE_2.0.0/STM32CubeIDE/plugins/com.st.stm32cube.ide.mcu.externaltools.gnu-tools-for-stm32.13.3.rel1.win32_1.0.100.202509120712/tools/bin/../lib/gcc/arm-none-eabi/13.3.1/../../../../arm-none-eabi/lib/thumb/v7-m/nofp\libc_nano.a(libc_a-reent.o) (_impure_ptr)
C:/Embedded-stuff/STM32CubeIDE_2.0.0/STM32CubeIDE/plugins/com.st.stm32cube.ide.mcu.externaltools.gnu-tools-for-stm32.13.3.rel1.win32_1.0.100.202509120712/tools/bin/../lib/gcc/arm-none-eabi/13.3.1/../../../../arm-none-eabi/lib/thumb/v7-m/nofp\libc_nano.a(libc_a-lseekr.o)
[...]
Memory Configuration

Name             Origin             Length             Attributes
RAM              0x20000000         0x00014000         xrw
FLASH            0x08000000         0x00080000         xr
*default*        0x00000000         0xffffffff

Linker script and memory map

LOAD C:/Embedded-stuff/STM32CubeIDE_2.0.0/STM32CubeIDE/plugins/com.st.stm32cube.ide.mcu.externaltools.gnu-tools-for-stm32.13.3.rel1.win32_1.0.100.202509120712/tools/bin/../lib/gcc/arm-none-eabi/13.3.1/thumb/v7-m/nofp/crti.o
LOAD C:/Embedded-stuff/STM32CubeIDE_2.0.0/STM32CubeIDE/plugins/com.st.stm32cube.ide.mcu.externaltools.gnu-tools-for-stm32.13.3.rel1.win32_1.0.100.202509120712/tools/bin/../lib/gcc/arm-none-eabi/13.3.1/thumb/v7-m/nofp/crtbegin.o
LOAD C:/Embedded-stuff/STM32CubeIDE_2.0.0/STM32CubeIDE/plugins/com.st.stm32cube.ide.mcu.externaltools.gnu-tools-for-stm32.13.3.rel1.win32_1.0.100.202509120712/tools/bin/../lib/gcc/arm-none-eabi/13.3.1/../../../../arm-none-eabi/lib/thumb/v7-m/nofp/crt0.o
LOAD ./Core/Src/adc.o
LOAD ./Core/Src/gpio.o
LOAD ./Core/Src/main.o
LOAD ./Core/Src/stm32l1xx_it.o
LOAD ./Core/Src/syscalls.o
LOAD ./Core/Src/sysmem.o
LOAD ./Core/Src/system_stm32l1xx.o
LOAD ./Core/Src/usart.o
LOAD ./Core/Startup/startup_stm32l152retx.o
LOAD ./Drivers/STM32L1xx_HAL_Driver/Src/stm32l1xx_ll_adc.o
LOAD ./Drivers/STM32L1xx_HAL_Driver/Src/stm32l1xx_ll_dma.o
LOAD ./Drivers/STM32L1xx_HAL_Driver/Src/stm32l1xx_ll_exti.o
LOAD ./Drivers/STM32L1xx_HAL_Driver/Src/stm32l1xx_ll_gpio.o
LOAD ./Drivers/STM32L1xx_HAL_Driver/Src/stm32l1xx_ll_pwr.o
LOAD ./Drivers/STM32L1xx_HAL_Driver/Src/stm32l1xx_ll_rcc.o
LOAD ./Drivers/STM32L1xx_HAL_Driver/Src/stm32l1xx_ll_usart.o
LOAD ./Drivers/STM32L1xx_HAL_Driver/Src/stm32l1xx_ll_utils.o
START GROUP
LOAD C:/Embedded-stuff/STM32CubeIDE_2.0.0/STM32CubeIDE/plugins/com.st.stm32cube.ide.mcu.externaltools.gnu-tools-for-stm32.13.3.rel1.win32_1.0.100.202509120712/tools/bin/../lib/gcc/arm-none-eabi/13.3.1/../../../../arm-none-eabi/lib/thumb/v7-m/nofp\libc_nano.a
LOAD C:/Embedded-stuff/STM32CubeIDE_2.0.0/STM32CubeIDE/plugins/com.st.stm32cube.ide.mcu.externaltools.gnu-tools-for-stm32.13.3.rel1.win32_1.0.100.202509120712/tools/bin/../lib/gcc/arm-none-eabi/13.3.1/../../../../arm-none-eabi/lib/thumb/v7-m/nofp\libm.a
END GROUP
START GROUP
LOAD C:/Embedded-stuff/STM32CubeIDE_2.0.0/STM32CubeIDE/plugins/com.st.stm32cube.ide.mcu.externaltools.gnu-tools-for-stm32.13.3.rel1.win32_1.0.100.202509120712/tools/bin/../lib/gcc/arm-none-eabi/13.3.1/thumb/v7-m/nofp\libgcc.a
LOAD C:/Embedded-stuff/STM32CubeIDE_2.0.0/STM32CubeIDE/plugins/com.st.stm32cube.ide.mcu.externaltools.gnu-tools-for-stm32.13.3.rel1.win32_1.0.100.202509120712/tools/bin/../lib/gcc/arm-none-eabi/13.3.1/../../../../arm-none-eabi/lib/thumb/v7-m/nofp\libc_nano.a
END GROUP
START GROUP
LOAD C:/Embedded-stuff/STM32CubeIDE_2.0.0/STM32CubeIDE/plugins/com.st.stm32cube.ide.mcu.externaltools.gnu-tools-for-stm32.13.3.rel1.win32_1.0.100.202509120712/tools/bin/../lib/gcc/arm-none-eabi/13.3.1/thumb/v7-m/nofp\libgcc.a
LOAD C:/Embedded-stuff/STM32CubeIDE_2.0.0/STM32CubeIDE/plugins/com.st.stm32cube.ide.mcu.externaltools.gnu-tools-for-stm32.13.3.rel1.win32_1.0.100.202509120712/tools/bin/../lib/gcc/arm-none-eabi/13.3.1/../../../../arm-none-eabi/lib/thumb/v7-m/nofp\libc_nano.a
LOAD C:/Embedded-stuff/STM32CubeIDE_2.0.0/STM32CubeIDE/plugins/com.st.stm32cube.ide.mcu.externaltools.gnu-tools-for-stm32.13.3.rel1.win32_1.0.100.202509120712/tools/bin/../lib/gcc/arm-none-eabi/13.3.1/../../../../arm-none-eabi/lib/thumb/v7-m/nofp\libnosys.a
END GROUP
START GROUP
LOAD C:/Embedded-stuff/STM32CubeIDE_2.0.0/STM32CubeIDE/plugins/com.st.stm32cube.ide.mcu.externaltools.gnu-tools-for-stm32.13.3.rel1.win32_1.0.100.202509120712/tools/bin/../lib/gcc/arm-none-eabi/13.3.1/thumb/v7-m/nofp\libgcc.a
LOAD C:/Embedded-stuff/STM32CubeIDE_2.0.0/STM32CubeIDE/plugins/com.st.stm32cube.ide.mcu.externaltools.gnu-tools-for-stm32.13.3.rel1.win32_1.0.100.202509120712/tools/bin/../lib/gcc/arm-none-eabi/13.3.1/../../../../arm-none-eabi/lib/thumb/v7-m/nofp\libc_nano.a
LOAD C:/Embedded-stuff/STM32CubeIDE_2.0.0/STM32CubeIDE/plugins/com.st.stm32cube.ide.mcu.externaltools.gnu-tools-for-stm32.13.3.rel1.win32_1.0.100.202509120712/tools/bin/../lib/gcc/arm-none-eabi/13.3.1/../../../../arm-none-eabi/lib/thumb/v7-m/nofp\libnosys.a
END GROUP
LOAD C:/Embedded-stuff/STM32CubeIDE_2.0.0/STM32CubeIDE/plugins/com.st.stm32cube.ide.mcu.externaltools.gnu-tools-for-stm32.13.3.rel1.win32_1.0.100.202509120712/tools/bin/../lib/gcc/arm-none-eabi/13.3.1/thumb/v7-m/nofp/crtend.o
LOAD C:/Embedded-stuff/STM32CubeIDE_2.0.0/STM32CubeIDE/plugins/com.st.stm32cube.ide.mcu.externaltools.gnu-tools-for-stm32.13.3.rel1.win32_1.0.100.202509120712/tools/bin/../lib/gcc/arm-none-eabi/13.3.1/thumb/v7-m/nofp/crtn.o
                0x20014000                        _estack = (ORIGIN (RAM) + LENGTH (RAM))
                0x00000200                        _Min_Heap_Size = 0x200
                0x00000400                        _Min_Stack_Size = 0x400

.isr_vector     0x08000000      0x13c
                0x08000000                        . = ALIGN (0x4)
 *(.isr_vector)
 .isr_vector    0x08000000      0x13c ./Core/Startup/startup_stm32l152retx.o
                0x08000000                g_pfnVectors
                0x0800013c                        . = ALIGN (0x4)

.text           0x0800013c      0x9dc
                0x0800013c                        . = ALIGN (0x4)
 *(.text)
 .text          0x0800013c       0x40 C:/Embedded-stuff/STM32CubeIDE_2.0.0/STM32CubeIDE/plugins/com.st.stm32cube.ide.mcu.externaltools.gnu-tools-for-stm32.13.3.rel1.win32_1.0.100.202509120712/tools/bin/../lib/gcc/arm-none-eabi/13.3.1/thumb/v7-m/nofp/crtbegin.o
 *(.text*)
 .text.LL_InitTick
                0x0800017c       0x34 ./Core/Src/main.o
 .text.LL_AHB1_GRP1_EnableClock
                0x080001b0       0x30 ./Core/Src/main.o
 .text.LL_APB1_GRP1_EnableClock
                0x080001e0       0x30 ./Core/Src/main.o
 .text.LL_GPIO_SetPinMode
                0x08000210       0x5c ./Core/Src/main.o
 .text.LL_GPIO_SetPinOutputType
                0x0800026c       0x2e ./Core/Src/main.o
 .text.LL_GPIO_SetPinSpeed
                0x0800029a       0x5c ./Core/Src/main.o
 .text.LL_GPIO_SetPinPull
                0x080002f6       0x5c ./Core/Src/main.o
 .text.LL_GPIO_SetAFPin_0_7
                0x08000352       0x5c ./Core/Src/main.o
 .text.LL_GPIO_SetOutputPin
                0x080003ae       0x1a ./Core/Src/main.o
 .text.LL_GPIO_ResetOutputPin
                0x080003c8       0x1a ./Core/Src/main.o
 .text.LL_USART_Enable
                0x080003e2       0x1e ./Core/Src/main.o
 .text.LL_USART_Disable
                0x08000400       0x1e ./Core/Src/main.o
 .text.LL_USART_SetTransferDirection
                0x0800041e       0x4a ./Core/Src/main.o
 .text.LL_USART_ConfigCharacter
                0x08000468       0x3c ./Core/Src/main.o
 .text.LL_USART_SetBaudRate
                0x080004a4      0x16c ./Core/Src/main.o
 .text.LL_USART_IsActiveFlag_TC
                0x08000610       0x24 ./Core/Src/main.o
 .text.LL_USART_IsActiveFlag_TXE
                0x08000634       0x24 ./Core/Src/main.o
 .text.LL_USART_TransmitData8
                0x08000658       0x1c ./Core/Src/main.o
 .text.main     0x08000674      0x170 ./Core/Src/main.o
                0x08000674                main
 .text.MosfetSet
                0x080007e4       0x84 ./Core/Src/main.o
                0x080007e4                MosfetSet
 .text.USART2_Init
                0x08000868       0xb8 ./Core/Src/main.o
                0x08000868                USART2_Init
 .text.USART2_SendData
                0x08000920       0x5c ./Core/Src/main.o
                0x08000920                USART2_SendData
 .text.SystemClock_Config
                0x0800097c       0x24 ./Core/Src/main.o
                0x0800097c                SystemClock_Config
 .text.NMI_Handler
                0x080009a0        0x8 ./Core/Src/stm32l1xx_it.o
                0x080009a0                NMI_Handler
 .text.HardFault_Handler
                0x080009a8        0x8 ./Core/Src/stm32l1xx_it.o
                0x080009a8                HardFault_Handler
 .text.MemManage_Handler
                0x080009b0        0x8 ./Core/Src/stm32l1xx_it.o
                0x080009b0                MemManage_Handler
 .text.BusFault_Handler
                0x080009b8        0x8 ./Core/Src/stm32l1xx_it.o
                0x080009b8                BusFault_Handler
 .text.UsageFault_Handler
                0x080009c0        0x8 ./Core/Src/stm32l1xx_it.o
                0x080009c0                UsageFault_Handler
 .text.SVC_Handler
                0x080009c8        0xc ./Core/Src/stm32l1xx_it.o
                0x080009c8                SVC_Handler
 .text.DebugMon_Handler
                0x080009d4        0xc ./Core/Src/stm32l1xx_it.o
                0x080009d4                DebugMon_Handler
 .text.PendSV_Handler
                0x080009e0        0xc ./Core/Src/stm32l1xx_it.o
                0x080009e0                PendSV_Handler
 .text.SysTick_Handler
                0x080009ec        0xc ./Core/Src/stm32l1xx_it.o
                0x080009ec                SysTick_Handler
 .text.SystemInit
                0x080009f8        0xc ./Core/Src/system_stm32l1xx.o
                0x080009f8                SystemInit
 .text.Reset_Handler
                0x08000a04       0x48 ./Core/Startup/startup_stm32l152retx.o
                0x08000a04                Reset_Handler
 .text.Default_Handler
                0x08000a4c        0x2 ./Core/Startup/startup_stm32l152retx.o
                0x08000a4c                RTC_Alarm_IRQHandler
                0x08000a4c                EXTI2_IRQHandler
                0x08000a4c                COMP_ACQ_IRQHandler
                0x08000a4c                TIM10_IRQHandler
                0x08000a4c                USB_HP_IRQHandler
                0x08000a4c                TIM6_IRQHandler
                0x08000a4c                PVD_IRQHandler
                0x08000a4c                EXTI3_IRQHandler
                0x08000a4c                EXTI0_IRQHandler
                0x08000a4c                I2C2_EV_IRQHandler
                0x08000a4c                SPI1_IRQHandler
                0x08000a4c                USB_FS_WKUP_IRQHandler
                0x08000a4c                DMA2_Channel2_IRQHandler
                0x08000a4c                DMA1_Channel4_IRQHandler
                0x08000a4c                ADC1_IRQHandler
                0x08000a4c                USART3_IRQHandler
                0x08000a4c                DMA1_Channel7_IRQHandler
                0x08000a4c                LCD_IRQHandler
                0x08000a4c                UART5_IRQHandler
                0x08000a4c                TIM4_IRQHandler
                0x08000a4c                DMA2_Channel1_IRQHandler
                0x08000a4c                I2C1_EV_IRQHandler
                0x08000a4c                DMA1_Channel6_IRQHandler
                0x08000a4c                UART4_IRQHandler
                0x08000a4c                DMA2_Channel4_IRQHandler
                0x08000a4c                TIM3_IRQHandler
                0x08000a4c                RCC_IRQHandler
                0x08000a4c                DMA1_Channel1_IRQHandler
                0x08000a4c                Default_Handler
                0x08000a4c                EXTI15_10_IRQHandler
                0x08000a4c                TIM7_IRQHandler
                0x08000a4c                TIM5_IRQHandler
                0x08000a4c                EXTI9_5_IRQHandler
                0x08000a4c                TIM9_IRQHandler
                0x08000a4c                TAMPER_STAMP_IRQHandler
                0x08000a4c                RTC_WKUP_IRQHandler
                0x08000a4c                SPI2_IRQHandler
                0x08000a4c                DMA2_Channel5_IRQHandler
                0x08000a4c                DMA1_Channel5_IRQHandler
                0x08000a4c                USB_LP_IRQHandler
                0x08000a4c                EXTI4_IRQHandler
                0x08000a4c                DMA1_Channel3_IRQHandler
                0x08000a4c                COMP_IRQHandler
                0x08000a4c                WWDG_IRQHandler
                0x08000a4c                TIM2_IRQHandler
                0x08000a4c                DAC_IRQHandler
                0x08000a4c                EXTI1_IRQHandler
                0x08000a4c                TIM11_IRQHandler
                0x08000a4c                USART2_IRQHandler
                0x08000a4c                I2C2_ER_IRQHandler
                0x08000a4c                DMA1_Channel2_IRQHandler
                0x08000a4c                FLASH_IRQHandler
                0x08000a4c                USART1_IRQHandler
                0x08000a4c                SPI3_IRQHandler
                0x08000a4c                I2C1_ER_IRQHandler
                0x08000a4c                DMA2_Channel3_IRQHandler
 *fill*         0x08000a4e        0x2 
 .text.LL_mDelay
                0x08000a50       0x4c ./Drivers/STM32L1xx_HAL_Driver/Src/stm32l1xx_ll_utils.o
                0x08000a50                LL_mDelay
 .text.LL_SetSystemCoreClock
                0x08000a9c       0x1c ./Drivers/STM32L1xx_HAL_Driver/Src/stm32l1xx_ll_utils.o
                0x08000a9c                LL_SetSystemCoreClock
 .text.__libc_init_array
                0x08000ab8       0x48 C:/Embedded-stuff/STM32CubeIDE_2.0.0/STM32CubeIDE/plugins/com.st.stm32cube.ide.mcu.externaltools.gnu-tools-for-stm32.13.3.rel1.win32_1.0.100.202509120712/tools/bin/../lib/gcc/arm-none-eabi/13.3.1/../../../../arm-none-eabi/lib/thumb/v7-m/nofp\libc_nano.a(libc_a-init.o)
                0x08000ab8                __libc_init_array
 *(.glue_7)
 .glue_7        0x08000b00        0x0 linker stubs
 *(.glue_7t)
 .glue_7t       0x08000b00        0x0 linker stubs
 *(.eh_frame)
 .eh_frame      0x08000b00        0x0 C:/Embedded-stuff/STM32CubeIDE_2.0.0/STM32CubeIDE/plugins/com.st.stm32cube.ide.mcu.externaltools.gnu-tools-for-stm32.13.3.rel1.win32_1.0.100.202509120712/tools/bin/../lib/gcc/arm-none-eabi/13.3.1/thumb/v7-m/nofp/crtbegin.o
 *(.init)
 .init          0x08000b00        0x4 C:/Embedded-stuff/STM32CubeIDE_2.0.0/STM32CubeIDE/plugins/com.st.stm32cube.ide.mcu.externaltools.gnu-tools-for-stm32.13.3.rel1.win32_1.0.100.202509120712/tools/bin/../lib/gcc/arm-none-eabi/13.3.1/thumb/v7-m/nofp/crti.o
                0x08000b00                _init
 .init          0x08000b04        0x8 C:/Embedded-stuff/STM32CubeIDE_2.0.0/STM32CubeIDE/plugins/com.st.stm32cube.ide.mcu.externaltools.gnu-tools-for-stm32.13.3.rel1.win32_1.0.100.202509120712/tools/bin/../lib/gcc/arm-none-eabi/13.3.1/thumb/v7-m/nofp/crtn.o
 *(.fini)
 .fini          0x08000b0c        0x4 C:/Embedded-stuff/STM32CubeIDE_2.0.0/STM32CubeIDE/plugins/com.st.stm32cube.ide.mcu.externaltools.gnu-tools-for-stm32.13.3.rel1.win32_1.0.100.202509120712/tools/bin/../lib/gcc/arm-none-eabi/13.3.1/thumb/v7-m/nofp/crti.o
                0x08000b0c                _fini
 .fini          0x08000b10        0x8 C:/Embedded-stuff/STM32CubeIDE_2.0.0/STM32CubeIDE/plugins/com.st.stm32cube.ide.mcu.externaltools.gnu-tools-for-stm32.13.3.rel1.win32_1.0.100.202509120712/tools/bin/../lib/gcc/arm-none-eabi/13.3.1/thumb/v7-m/nofp/crtn.o
                0x08000b18                        . = ALIGN (0x4)
                0x08000b18                        _etext = .

.vfp11_veneer   0x08000b18        0x0
 .vfp11_veneer  0x08000b18        0x0 linker stubs

.v4_bx          0x08000b18        0x0
 .v4_bx         0x08000b18        0x0 linker stubs

.iplt           0x08000b18        0x0
 .iplt          0x08000b18        0x0 C:/Embedded-stuff/STM32CubeIDE_2.0.0/STM32CubeIDE/plugins/com.st.stm32cube.ide.mcu.externaltools.gnu-tools-for-stm32.13.3.rel1.win32_1.0.100.202509120712/tools/bin/../lib/gcc/arm-none-eabi/13.3.1/thumb/v7-m/nofp/crtbegin.o

.rodata         0x08000b18       0x34
                0x08000b18                        . = ALIGN (0x4)
 *(.rodata)
 .rodata        0x08000b18       0x33 ./Core/Src/main.o
 *(.rodata*)
                0x08000b4c                        . = ALIGN (0x4)
 *fill*         0x08000b4b        0x1 

.ARM.extab      0x08000b4c        0x0
                0x08000b4c                        . = ALIGN (0x4)
 *(.ARM.extab* .gnu.linkonce.armextab.*)
                0x08000b4c                        . = ALIGN (0x4)

.ARM            0x08000b4c        0x0
                0x08000b4c                        . = ALIGN (0x4)
                0x08000b4c                        __exidx_start = .
 *(.ARM.exidx*)
                0x08000b4c                        __exidx_end = .
                0x08000b4c                        . = ALIGN (0x4)

.preinit_array  0x08000b4c        0x0
                0x08000b4c                        . = ALIGN (0x4)
                0x08000b4c                        PROVIDE (__preinit_array_start = .)
 *(.preinit_array*)
                0x08000b4c                        PROVIDE (__preinit_array_end = .)
                0x08000b4c                        . = ALIGN (0x4)

.init_array     0x08000b4c        0x4
                0x08000b4c                        . = ALIGN (0x4)
                0x08000b4c                        PROVIDE (__init_array_start = .)
 *(SORT_BY_NAME(.init_array.*))
 *(.init_array*)
 .init_array    0x08000b4c        0x4 C:/Embedded-stuff/STM32CubeIDE_2.0.0/STM32CubeIDE/plugins/com.st.stm32cube.ide.mcu.externaltools.gnu-tools-for-stm32.13.3.rel1.win32_1.0.100.202509120712/tools/bin/../lib/gcc/arm-none-eabi/13.3.1/thumb/v7-m/nofp/crtbegin.o
                0x08000b50                        PROVIDE (__init_array_end = .)
                0x08000b50                        . = ALIGN (0x4)

.fini_array     0x08000b50        0x4
                0x08000b50                        . = ALIGN (0x4)
                [!provide]                        PROVIDE (__fini_array_start = .)
 *(SORT_BY_NAME(.fini_array.*))
 *(.fini_array*)
 .fini_array    0x08000b50        0x4 C:/Embedded-stuff/STM32CubeIDE_2.0.0/STM32CubeIDE/plugins/com.st.stm32cube.ide.mcu.externaltools.gnu-tools-for-stm32.13.3.rel1.win32_1.0.100.202509120712/tools/bin/../lib/gcc/arm-none-eabi/13.3.1/thumb/v7-m/nofp/crtbegin.o
                [!provide]                        PROVIDE (__fini_array_end = .)
                0x08000b54                        . = ALIGN (0x4)
                0x08000b54                        _sidata = LOADADDR (.data)

.rel.dyn        0x08000b54        0x0
 .rel.iplt      0x08000b54        0x0 C:/Embedded-stuff/STM32CubeIDE_2.0.0/STM32CubeIDE/plugins/com.st.stm32cube.ide.mcu.externaltools.gnu-tools-for-stm32.13.3.rel1.win32_1.0.100.202509120712/tools/bin/../lib/gcc/arm-none-eabi/13.3.1/thumb/v7-m/nofp/crtbegin.o

.data           0x20000000        0x4 load address 0x08000b54
                0x20000000                        . = ALIGN (0x4)
                0x20000000                        _sdata = .
 *(.data)
 *(.data*)
 .data.SystemCoreClock
                0x20000000        0x4 ./Core/Src/system_stm32l1xx.o
                0x20000000                SystemCoreClock
 *(.RamFunc)
 *(.RamFunc*)
                0x20000004                        . = ALIGN (0x4)
                0x20000004                        _edata = .

.igot.plt       0x20000004        0x0 load address 0x08000b58
 .igot.plt      0x20000004        0x0 C:/Embedded-stuff/STM32CubeIDE_2.0.0/STM32CubeIDE/plugins/com.st.stm32cube.ide.mcu.externaltools.gnu-tools-for-stm32.13.3.rel1.win32_1.0.100.202509120712/tools/bin/../lib/gcc/arm-none-eabi/13.3.1/thumb/v7-m/nofp/crtbegin.o
                0x20000004                        . = ALIGN (0x4)

.bss            0x20000004       0x1c load address 0x08000b58
                0x20000004                        _sbss = .
                0x20000004                        __bss_start__ = _sbss
 *(.bss)
 .bss           0x20000004       0x1c C:/Embedded-stuff/STM32CubeIDE_2.0.0/STM32CubeIDE/plugins/com.st.stm32cube.ide.mcu.externaltools.gnu-tools-for-stm32.13.3.rel1.win32_1.0.100.202509120712/tools/bin/../lib/gcc/arm-none-eabi/13.3.1/thumb/v7-m/nofp/crtbegin.o
 *(.bss*)
 *(COMMON)
                0x20000020                        . = ALIGN (0x4)
                0x20000020                        _ebss = .
                0x20000020                        __bss_end__ = _ebss

._user_heap_stack
                0x20000020      0x600 load address 0x08000b58
                0x20000020                        . = ALIGN (0x8)
                [!provide]                        PROVIDE (end = .)
                0x20000020                        PROVIDE (_end = .)
                0x20000220                        . = (. + _Min_Heap_Size)
 *fill*         0x20000020      0x200 
                0x20000620                        . = (. + _Min_Stack_Size)
 *fill*         0x20000220      0x400 
                0x20000620                        . = ALIGN (0x8)

/DISCARD/
 libc.a(*)
 libm.a(*)
 libgcc.a(*)

.ARM.attributes
                0x00000000       0x29
 *(.ARM.attributes)
 .ARM.attributes
                0x00000000       0x1d C:/Embedded-stuff/STM32CubeIDE_2.0.0/STM32CubeIDE/plugins/com.st.stm32cube.ide.mcu.externaltools.gnu-tools-for-stm32.13.3.rel1.win32_1.0.100.202509120712/tools/bin/../lib/gcc/arm-none-eabi/13.3.1/thumb/v7-m/nofp/crti.o
 .ARM.attributes
                0x0000001d       0x2d C:/Embedded-stuff/STM32CubeIDE_2.0.0/STM32CubeIDE/plugins/com.st.stm32cube.ide.mcu.externaltools.gnu-tools-for-stm32.13.3.rel1.win32_1.0.100.202509120712/tools/bin/../lib/gcc/arm-none-eabi/13.3.1/thumb/v7-m/nofp/crtbegin.o
 .ARM.attributes
                0x0000004a       0x2d ./Core/Src/main.o
 .ARM.attributes
                0x00000077       0x2d ./Core/Src/stm32l1xx_it.o
 .ARM.attributes
                0x000000a4       0x2d ./Core/Src/system_stm32l1xx.o
 .ARM.attributes
                0x000000d1       0x21 ./Core/Startup/startup_stm32l152retx.o
 .ARM.attributes
                0x000000f2       0x2d ./Drivers/STM32L1xx_HAL_Driver/Src/stm32l1xx_ll_utils.o
 .ARM.attributes
                0x0000011f       0x2d C:/Embedded-stuff/STM32CubeIDE_2.0.0/STM32CubeIDE/plugins/com.st.stm32cube.ide.mcu.externaltools.gnu-tools-for-stm32.13.3.rel1.win32_1.0.100.202509120712/tools/bin/../lib/gcc/arm-none-eabi/13.3.1/../../../../arm-none-eabi/lib/thumb/v7-m/nofp\libc_nano.a(libc_a-init.o)
 .ARM.attributes
                0x0000014c       0x1d C:/Embedded-stuff/STM32CubeIDE_2.0.0/STM32CubeIDE/plugins/com.st.stm32cube.ide.mcu.externaltools.gnu-tools-for-stm32.13.3.rel1.win32_1.0.100.202509120712/tools/bin/../lib/gcc/arm-none-eabi/13.3.1/thumb/v7-m/nofp/crtn.o
OUTPUT(BMSproj.elf elf32-littlearm)
LOAD linker stubs
LOAD C:/Embedded-stuff/STM32CubeIDE_2.0.0/STM32CubeIDE/plugins/com.st.stm32cube.ide.mcu.externaltools.gnu-tools-for-stm32.13.3.rel1.win32_1.0.100.202509120712/tools/bin/../lib/gcc/arm-none-eabi/13.3.1/../../../../arm-none-eabi/lib/thumb/v7-m/nofp\libc.a
LOAD C:/Embedded-stuff/STM32CubeIDE_2.0.0/STM32CubeIDE/plugins/com.st.stm32cube.ide.mcu.externaltools.gnu-tools-for-stm32.13.3.rel1.win32_1.0.100.202509120712/tools/bin/../lib/gcc/arm-none-eabi/13.3.1/../../../../arm-none-eabi/lib/thumb/v7-m/nofp\libm.a
LOAD C:/Embedded-stuff/STM32CubeIDE_2.0.0/STM32CubeIDE/plugins/com.st.stm32cube.ide.mcu.externaltools.gnu-tools-for-stm32.13.3.rel1.win32_1.0.100.202509120712/tools/bin/../lib/gcc/arm-none-eabi/13.3.1/thumb/v7-m/nofp\libgcc.a

.debug_info     0x00000000     0x16e3
 .debug_info    0x00000000      0xa9f ./Core/Src/main.o
 .debug_info    0x00000a9f      0x145 ./Core/Src/stm32l1xx_it.o
 .debug_info    0x00000be4      0x275 ./Core/Src/system_stm32l1xx.o
 .debug_info    0x00000e59       0x30 ./Core/Startup/startup_stm32l152retx.o
 .debug_info    0x00000e89      0x85a ./Drivers/STM32L1xx_HAL_Driver/Src/stm32l1xx_ll_utils.o

.debug_abbrev   0x00000000      0x6a5
 .debug_abbrev  0x00000000      0x282 ./Core/Src/main.o
 .debug_abbrev  0x00000282       0x80 ./Core/Src/stm32l1xx_it.o
 .debug_abbrev  0x00000302      0x11c ./Core/Src/system_stm32l1xx.o
 .debug_abbrev  0x0000041e       0x24 ./Core/Startup/startup_stm32l152retx.o
 .debug_abbrev  0x00000442      0x263 ./Drivers/STM32L1xx_HAL_Driver/Src/stm32l1xx_ll_utils.o

.debug_aranges  0x00000000      0x278
 .debug_aranges
                0x00000000       0xd0 ./Core/Src/main.o
 .debug_aranges
                0x000000d0       0x60 ./Core/Src/stm32l1xx_it.o
 .debug_aranges
                0x00000130       0x28 ./Core/Src/system_stm32l1xx.o
 .debug_aranges
                0x00000158       0x28 ./Core/Startup/startup_stm32l152retx.o
 .debug_aranges
                0x00000180       0xf8 ./Drivers/STM32L1xx_HAL_Driver/Src/stm32l1xx_ll_utils.o

.debug_rnglists
                0x00000000      0x1c8
 .debug_rnglists
                0x00000000       0x9b ./Core/Src/main.o
 .debug_rnglists
                0x0000009b       0x43 ./Core/Src/stm32l1xx_it.o
 .debug_rnglists
                0x000000de       0x1a ./Core/Src/system_stm32l1xx.o
 .debug_rnglists
                0x000000f8       0x19 ./Core/Startup/startup_stm32l152retx.o
 .debug_rnglists
                0x00000111       0xb7 ./Drivers/STM32L1xx_HAL_Driver/Src/stm32l1xx_ll_utils.o

.debug_macro    0x00000000      0x4b5
 .debug_macro   0x00000000      0x100 ./Core/Src/main.o
 .debug_macro   0x00000100       0x24 ./Core/Src/main.o
 .debug_macro   0x00000124      0x14f ./Core/Src/stm32l1xx_it.o
 .debug_macro   0x00000273       0xcd ./Core/Src/system_stm32l1xx.o
 .debug_macro   0x00000340      0x175 ./Drivers/STM32L1xx_HAL_Driver/Src/stm32l1xx_ll_utils.o

.debug_line     0x00000000     0x2066
 .debug_line    0x00000000      0x9b0 ./Core/Src/main.o
 .debug_line    0x000009b0      0x6cc ./Core/Src/stm32l1xx_it.o
 .debug_line    0x0000107c      0x595 ./Core/Src/system_stm32l1xx.o
 .debug_line    0x00001611       0x79 ./Core/Startup/startup_stm32l152retx.o
 .debug_line    0x0000168a      0x9dc ./Drivers/STM32L1xx_HAL_Driver/Src/stm32l1xx_ll_utils.o

.debug_str      0x00000000    0x5e56f
 .debug_str     0x00000000    0x5e56f ./Core/Src/main.o
                              0x4fab7 (size before relaxing)
 .debug_str     0x0005e56f        0x0 ./Core/Src/stm32l1xx_it.o
                              0x5d41e (size before relaxing)
 .debug_str     0x0005e56f        0x0 ./Core/Src/system_stm32l1xx.o
                              0x4c048 (size before relaxing)
 .debug_str     0x0005e56f        0x0 ./Core/Startup/startup_stm32l152retx.o
                                 0x6b (size before relaxing)
 .debug_str     0x0005e56f        0x0 ./Drivers/STM32L1xx_HAL_Driver/Src/stm32l1xx_ll_utils.o
                              0x5007a (size before relaxing)

.comment        0x00000000       0x43
 .comment       0x00000000       0x43 ./Core/Src/main.o
                                 0x44 (size before relaxing)
 .comment       0x00000043        0x0 ./Core/Src/stm32l1xx_it.o
                                 0x44 (size before relaxing)
 .comment       0x00000043        0x0 ./Core/Src/system_stm32l1xx.o
                                 0x44 (size before relaxing)
 .comment       0x00000043        0x0 ./Drivers/STM32L1xx_HAL_Driver/Src/stm32l1xx_ll_utils.o
                                 0x44 (size before relaxing)

.debug_frame    0x00000000      0x908
 .debug_frame   0x00000000      0x384 ./Core/Src/main.o
 .debug_frame   0x00000384      0x108 ./Core/Src/stm32l1xx_it.o
 .debug_frame   0x0000048c       0x58 ./Core/Src/system_stm32l1xx.o
 .debug_frame   0x000004e4      0x3f8 ./Drivers/STM32L1xx_HAL_Driver/Src/stm32l1xx_ll_utils.o
 .debug_frame   0x000008dc       0x2c C:/Embedded-stuff/STM32CubeIDE_2.0.0/STM32CubeIDE/plugins/com.st.stm32cube.ide.mcu.externaltools.gnu-tools-for-stm32.13.3.rel1.win32_1.0.100.202509120712/tools/bin/../lib/gcc/arm-none-eabi/13.3.1/../../../../arm-none-eabi/lib/thumb/v7-m/nofp\libc_nano.a(libc_a-init.o)

.debug_line_str
                0x00000000       0x4f
 .debug_line_str
                0x00000000       0x4f ./Core/Startup/startup_stm32l152retx.o
