../Drivers/STM32L1xx_HAL_Driver/Inc/stm32l1xx_ll_utils.h:221:22:LL_InitTick	16	static
../Drivers/STM32L1xx_HAL_Driver/Inc/stm32l1xx_ll_bus.h:214:22:LL_AHB1_GRP1_EnableClock	24	static
../Drivers/STM32L1xx_HAL_Driver/Inc/stm32l1xx_ll_bus.h:529:22:LL_APB1_GRP1_EnableClock	24	static
../Drivers/STM32L1xx_HAL_Driver/Inc/stm32l1xx_ll_gpio.h:273:22:LL_GPIO_SetPinMode	40	static,ignoring_inline_asm
../Drivers/STM32L1xx_HAL_Driver/Inc/stm32l1xx_ll_gpio.h:342:22:LL_GPIO_SetPinOutputType	24	static
../Drivers/STM32L1xx_HAL_Driver/Inc/stm32l1xx_ll_gpio.h:413:22:LL_GPIO_SetPinSpeed	40	static,ignoring_inline_asm
../Drivers/STM32L1xx_HAL_Driver/Inc/stm32l1xx_ll_gpio.h:484:22:LL_GPIO_SetPinPull	40	static,ignoring_inline_asm
../Drivers/STM32L1xx_HAL_Driver/Inc/stm32l1xx_ll_gpio.h:556:22:LL_GPIO_SetAFPin_0_7	40	static,ignoring_inline_asm
../Drivers/STM32L1xx_HAL_Driver/Inc/stm32l1xx_ll_gpio.h:882:22:LL_GPIO_SetOutputPin	16	static
../Drivers/STM32L1xx_HAL_Driver/Inc/stm32l1xx_ll_gpio.h:912:22:LL_GPIO_ResetOutputPin	16	static
../Drivers/STM32L1xx_HAL_Driver/Inc/stm32l1xx_ll_usart.h:410:22:LL_USART_Enable	16	static
../Drivers/STM32L1xx_HAL_Driver/Inc/stm32l1xx_ll_usart.h:424:22:LL_USART_Disable	16	static
../Drivers/STM32L1xx_HAL_Driver/Inc/stm32l1xx_ll_usart.h:497:22:LL_USART_SetTransferDirection	40	static,ignoring_inline_asm
../Drivers/STM32L1xx_HAL_Driver/Inc/stm32l1xx_ll_usart.h:850:22:LL_USART_ConfigCharacter	24	static
../Drivers/STM32L1xx_HAL_Driver/Inc/stm32l1xx_ll_usart.h:1020:22:LL_USART_SetBaudRate	24	static
../Drivers/STM32L1xx_HAL_Driver/Inc/stm32l1xx_ll_usart.h:1803:26:LL_USART_IsActiveFlag_TC	16	static
../Drivers/STM32L1xx_HAL_Driver/Inc/stm32l1xx_ll_usart.h:1814:26:LL_USART_IsActiveFlag_TXE	16	static
../Drivers/STM32L1xx_HAL_Driver/Inc/stm32l1xx_ll_usart.h:2426:22:LL_USART_TransmitData8	16	static
../Core/Src/main.c:22:5:main	72	static
../Core/Src/main.c:86:6:MosfetSet	16	static
../Core/Src/main.c:112:6:USART2_Init	8	static
../Core/Src/main.c:141:6:USART2_SendData	24	static
../Core/Src/main.c:156:6:SystemClock_Config	8	static
